// Vitest Snapshot v1, https://vitest.dev/guide/snapshot.html

exports[`Header matches snapshot when no user is logged in 1`] = `
{
  "asFragment": [Function],
  "baseElement": <body>
    <div>
      <header
        class="bg-secondary"
      >
        <nav
          class="navbar navbar-expand-lg navbar-dark "
        >
          <div
            class="container-fluid "
          >
            <a
              class="navbar-brand"
              href="/"
              rel="noreferrer"
              target="_blank"
            >
              <img
                alt="DFBay Logo"
                src="/src/assets/react.svg"
                width="50"
              />
            </a>
            <button
              aria-controls="navbarSupportedContent"
              aria-expanded="false"
              aria-label="Toggle navigation"
              class="navbar-toggler"
              data-bs-target="#navbarSupportedContent"
              data-bs-toggle="collapse"
              type="button"
            >
              <span
                class="navbar-toggler-icon"
              />
            </button>
            <div
              class="collapse navbar-collapse"
              id="navbarSupportedContent"
            >
              <ul
                class="navbar-nav me-auto mb-2 mb-lg-0"
              >
                <li
                  class="nav-item"
                >
                  <a
                    aria-current="page"
                    class="nav-link active"
                    href="/"
                  >
                    Search
                  </a>
                </li>
                <li
                  class="nav-item"
                >
                  <a
                    class="nav-link"
                    href="/listings"
                  >
                    Listings
                  </a>
                </li>
                <li
                  class="nav-item"
                >
                  <a
                    class="nav-link"
                    href="/loginregister"
                  >
                    Login/Register
                  </a>
                </li>
                <li
                  class="nav-item"
                >
                  <a
                    class="nav-link disabled"
                    href="/admin"
                  >
                    Dashboard
                  </a>
                </li>
                <li
                  class="nav-item"
                />
              </ul>
            </div>
          </div>
        </nav>
        <div
          class="ticker-container"
        >
          <div
            class="ticker-wrapper"
          >
            <div
              class="ticker-transition"
            >
              <div
                class="ticker-item"
              >
                GBP/USD 
              </div>
              <div
                class="ticker-item"
              >
                GBP/EUR 
              </div>
              <div
                class="ticker-item"
              >
                GBP/JPY 
              </div>
              <div
                class="ticker-item"
              >
                GBP/AUD 
              </div>
              <div
                class="ticker-item"
              >
                GBP/CAD 
              </div>
              <div
                class="ticker-item"
              >
                GBP/NGN 
              </div>
            </div>
          </div>
        </div>
      </header>
    </div>
  </body>,
  "container": <div>
    <header
      class="bg-secondary"
    >
      <nav
        class="navbar navbar-expand-lg navbar-dark "
      >
        <div
          class="container-fluid "
        >
          <a
            class="navbar-brand"
            href="/"
            rel="noreferrer"
            target="_blank"
          >
            <img
              alt="DFBay Logo"
              src="/src/assets/react.svg"
              width="50"
            />
          </a>
          <button
            aria-controls="navbarSupportedContent"
            aria-expanded="false"
            aria-label="Toggle navigation"
            class="navbar-toggler"
            data-bs-target="#navbarSupportedContent"
            data-bs-toggle="collapse"
            type="button"
          >
            <span
              class="navbar-toggler-icon"
            />
          </button>
          <div
            class="collapse navbar-collapse"
            id="navbarSupportedContent"
          >
            <ul
              class="navbar-nav me-auto mb-2 mb-lg-0"
            >
              <li
                class="nav-item"
              >
                <a
                  aria-current="page"
                  class="nav-link active"
                  href="/"
                >
                  Search
                </a>
              </li>
              <li
                class="nav-item"
              >
                <a
                  class="nav-link"
                  href="/listings"
                >
                  Listings
                </a>
              </li>
              <li
                class="nav-item"
              >
                <a
                  class="nav-link"
                  href="/loginregister"
                >
                  Login/Register
                </a>
              </li>
              <li
                class="nav-item"
              >
                <a
                  class="nav-link disabled"
                  href="/admin"
                >
                  Dashboard
                </a>
              </li>
              <li
                class="nav-item"
              />
            </ul>
          </div>
        </div>
      </nav>
      <div
        class="ticker-container"
      >
        <div
          class="ticker-wrapper"
        >
          <div
            class="ticker-transition"
          >
            <div
              class="ticker-item"
            >
              GBP/USD 
            </div>
            <div
              class="ticker-item"
            >
              GBP/EUR 
            </div>
            <div
              class="ticker-item"
            >
              GBP/JPY 
            </div>
            <div
              class="ticker-item"
            >
              GBP/AUD 
            </div>
            <div
              class="ticker-item"
            >
              GBP/CAD 
            </div>
            <div
              class="ticker-item"
            >
              GBP/NGN 
            </div>
          </div>
        </div>
      </div>
    </header>
  </div>,
  "debug": [Function],
  "findAllByAltText": [Function],
  "findAllByDisplayValue": [Function],
  "findAllByLabelText": [Function],
  "findAllByPlaceholderText": [Function],
  "findAllByRole": [Function],
  "findAllByTestId": [Function],
  "findAllByText": [Function],
  "findAllByTitle": [Function],
  "findByAltText": [Function],
  "findByDisplayValue": [Function],
  "findByLabelText": [Function],
  "findByPlaceholderText": [Function],
  "findByRole": [Function],
  "findByTestId": [Function],
  "findByText": [Function],
  "findByTitle": [Function],
  "getAllByAltText": [Function],
  "getAllByDisplayValue": [Function],
  "getAllByLabelText": [Function],
  "getAllByPlaceholderText": [Function],
  "getAllByRole": [Function],
  "getAllByTestId": [Function],
  "getAllByText": [Function],
  "getAllByTitle": [Function],
  "getByAltText": [Function],
  "getByDisplayValue": [Function],
  "getByLabelText": [Function],
  "getByPlaceholderText": [Function],
  "getByRole": [Function],
  "getByTestId": [Function],
  "getByText": [Function],
  "getByTitle": [Function],
  "queryAllByAltText": [Function],
  "queryAllByDisplayValue": [Function],
  "queryAllByLabelText": [Function],
  "queryAllByPlaceholderText": [Function],
  "queryAllByRole": [Function],
  "queryAllByTestId": [Function],
  "queryAllByText": [Function],
  "queryAllByTitle": [Function],
  "queryByAltText": [Function],
  "queryByDisplayValue": [Function],
  "queryByLabelText": [Function],
  "queryByPlaceholderText": [Function],
  "queryByRole": [Function],
  "queryByTestId": [Function],
  "queryByText": [Function],
  "queryByTitle": [Function],
  "rerender": [Function],
  "unmount": [Function],
}
`;
